// Jest Snapshot v1, https://goo.gl/fbAQLP

exports[`RadioWidget matches snapshot 1`] = `
<DocumentFragment>
  <div
    class="sc-bdVaJa djLaIN"
  >
    <label
      class="sc-bwzfXH gezcZz"
      for="field-0"
    >
      <span
        class="label"
      >
        yes
      </span>
      <input
        checked=""
        id="field-0"
        name="email"
        type="radio"
        value="0"
      />
    </label>
    <label
      class="sc-bwzfXH gezcZz"
      for="field-1"
    >
      <span
        class="label"
      >
        no
      </span>
      <input
        id="field-1"
        name="email"
        type="radio"
        value="1"
      />
    </label>
    <label
      class="sc-bwzfXH gezcZz"
      for="field-2"
    >
      <span
        class="label"
      >
        maybe
      </span>
      <input
        id="field-2"
        name="email"
        type="radio"
        value="2"
      />
    </label>
  </div>
</DocumentFragment>
`;
