// Jest Snapshot v1, https://goo.gl/fbAQLP

exports[`Spinner matches snapshot 1`] = `
<DocumentFragment>
  <div
    class="sc-bdVaJa khUSez"
  >
    <img
      alt="Loading..."
      height="200"
      src="spinner.svg"
      width="200"
    />
  </div>
</DocumentFragment>
`;
